// Vitest Snapshot v1, https://vitest.dev/guide/snapshot.html

exports[`matches snapshot 1`] = `
<DocumentFragment>
  <div
    class="SignupForm"
  >
    <div
      class="container col-md-6 offset-md-3 col-lg-4 offset-lg-4"
    >
      <h2
        class="mb-3"
      >
        Sign Up
      </h2>
      <div
        class="card"
      >
        <div
          class="card-body"
        >
          <form>
            <div
              class="form-group"
            >
              <label
                for="email"
              >
                Email
              </label>
              <input
                class="form-control"
                id="email"
                name="email"
                required=""
                type="email"
                value=""
              />
            </div>
            <div
              class="form-group"
            >
              <label
                for="firstName"
              >
                First name
              </label>
              <input
                class="form-control"
                id="firstName"
                name="firstName"
                required=""
                value=""
              />
            </div>
            <div
              class="form-group"
            >
              <label
                for="lastName"
              >
                Last name
              </label>
              <input
                class="form-control"
                id="lastName"
                name="lastName"
                required=""
                value=""
              />
            </div>
            <div
              class="form-group"
            >
              <label
                for="password"
              >
                password
              </label>
              <input
                class="form-control"
                id="password"
                name="password"
                required=""
                type="password"
                value=""
              />
            </div>
            <button
              class="btn btn-primary float-right mt-3"
              type="submit"
            >
              Submit
            </button>
          </form>
        </div>
      </div>
    </div>
  </div>
</DocumentFragment>
`;
