// Vitest Snapshot v1, https://vitest.dev/guide/snapshot.html

exports[`matches snapshot 1`] = `
<DocumentFragment>
  <div
    class="container mt-5"
  >
    <div
      class="row justify-content-center"
    >
      <div
        class="col-md-8"
      >
        <div
          class="card"
        >
          <div
            class="card-header"
          >
            <h3>
              Profile
            </h3>
          </div>
          <div
            class="card-body"
          >
            <form>
              <div
                class="form-group"
              >
                <label
                  for="email"
                >
                  Email
                </label>
                <input
                  autocomplete="email"
                  class="form-control"
                  id="email"
                  name="email"
                  type="email"
                  value="test@example.com"
                />
              </div>
              <div
                class="form-group"
              >
                <label
                  for="firstName"
                >
                  First Name
                </label>
                <input
                  class="form-control"
                  id="firstName"
                  name="firstName"
                  value="Test"
                />
              </div>
              <div
                class="form-group"
              >
                <label
                  for="lastName"
                >
                  Last Name
                </label>
                <input
                  class="form-control"
                  id="lastName"
                  name="lastName"
                  value="User"
                />
              </div>
              <div
                class="form-group"
              >
                <label
                  for="currentPassword"
                >
                  Current Password
                </label>
                <input
                  autocomplete="current-password"
                  class="form-control"
                  id="currentPassword"
                  name="currentPassword"
                  type="password"
                  value=""
                />
              </div>
              <div
                class="form-group"
              >
                <label
                  for="newPassword"
                >
                  New Password
                </label>
                <input
                  autocomplete="new-password"
                  class="form-control"
                  id="newPassword"
                  name="newPassword"
                  type="password"
                  value=""
                />
              </div>
              <div
                class="form-group d-flex align-items-center"
              >
                <label
                  class="mr-2"
                  for="state"
                >
                  State:
                </label>
                <p
                  class="form-control-plaintext mb-0 ms-1"
                  id="state"
                >
                  active
                </p>
              </div>
              <div
                class="d-flex justify-content-between"
              >
                <button
                  class="btn btn-primary"
                  type="submit"
                >
                  Save Changes
                </button>
                <button
                  class="btn btn-danger"
                  type="button"
                >
                  Delete Account
                </button>
              </div>
            </form>
          </div>
        </div>
      </div>
    </div>
  </div>
</DocumentFragment>
`;
