// Vitest Snapshot v1, https://vitest.dev/guide/snapshot.html

exports[`matches snapshot 1`] = `
<DocumentFragment>
  <div
    class="d-flex justify-content-center align-items-center"
    style="height: 100vh;"
  >
    <div
      class="spinner-border text-primary"
      role="status"
    >
      <span
        class="visually-hidden"
      >
        Loading...
      </span>
    </div>
  </div>
</DocumentFragment>
`;
